Archive member included to satisfy reference by file (symbol)

c:/program files (x86)/atollic/truestudio for stm32 9.3.0/armtools/bin/../lib/gcc/arm-atollic-eabi/6.3.1/armv6-m\libgcc.a(_udivsi3.o)
                              CMSIS\Src\system_stm32f0xx.o (__aeabi_uidiv)
c:/program files (x86)/atollic/truestudio for stm32 9.3.0/armtools/bin/../lib/gcc/arm-atollic-eabi/6.3.1/armv6-m\libgcc.a(_dvmd_tls.o)
                              c:/program files (x86)/atollic/truestudio for stm32 9.3.0/armtools/bin/../lib/gcc/arm-atollic-eabi/6.3.1/armv6-m\libgcc.a(_udivsi3.o) (__aeabi_idiv0)

Memory Configuration

Name             Origin             Length             Attributes
*default*        0x00000000         0xffffffff

Linker script and memory map

LOAD c:/program files (x86)/atollic/truestudio for stm32 9.3.0/armtools/bin/../lib/gcc/arm-atollic-eabi/6.3.1/armv6-m/crti.o
LOAD c:/program files (x86)/atollic/truestudio for stm32 9.3.0/armtools/bin/../lib/gcc/arm-atollic-eabi/6.3.1/armv6-m/crtbegin.o
LOAD CMSIS\Src\system_stm32f0xx.o
LOAD Code\Scr\InitPerif.o
LOAD Code\Scr\main.o
LOAD startup_stm32f051.o
                0x00000080                malloc_getpagesize_P = 0x80
START GROUP
LOAD c:/program files (x86)/atollic/truestudio for stm32 9.3.0/armtools/bin/../lib/gcc/arm-atollic-eabi/6.3.1/../../../../arm-atollic-eabi/lib/armv6-m\libc_nano.a
LOAD c:/program files (x86)/atollic/truestudio for stm32 9.3.0/armtools/bin/../lib/gcc/arm-atollic-eabi/6.3.1/../../../../arm-atollic-eabi/lib/armv6-m\libm.a
END GROUP
START GROUP
LOAD c:/program files (x86)/atollic/truestudio for stm32 9.3.0/armtools/bin/../lib/gcc/arm-atollic-eabi/6.3.1/armv6-m\libgcc.a
LOAD c:/program files (x86)/atollic/truestudio for stm32 9.3.0/armtools/bin/../lib/gcc/arm-atollic-eabi/6.3.1/../../../../arm-atollic-eabi/lib/armv6-m\libc_nano.a
END GROUP
START GROUP
LOAD c:/program files (x86)/atollic/truestudio for stm32 9.3.0/armtools/bin/../lib/gcc/arm-atollic-eabi/6.3.1/armv6-m\libgcc.a
LOAD c:/program files (x86)/atollic/truestudio for stm32 9.3.0/armtools/bin/../lib/gcc/arm-atollic-eabi/6.3.1/../../../../arm-atollic-eabi/lib/armv6-m\libc_nano.a
LOAD c:/program files (x86)/atollic/truestudio for stm32 9.3.0/armtools/bin/../lib/gcc/arm-atollic-eabi/6.3.1/../../../../arm-atollic-eabi/lib/armv6-m\libnosys.a
END GROUP
START GROUP
LOAD c:/program files (x86)/atollic/truestudio for stm32 9.3.0/armtools/bin/../lib/gcc/arm-atollic-eabi/6.3.1/armv6-m\libgcc.a
LOAD c:/program files (x86)/atollic/truestudio for stm32 9.3.0/armtools/bin/../lib/gcc/arm-atollic-eabi/6.3.1/../../../../arm-atollic-eabi/lib/armv6-m\libc_nano.a
LOAD c:/program files (x86)/atollic/truestudio for stm32 9.3.0/armtools/bin/../lib/gcc/arm-atollic-eabi/6.3.1/../../../../arm-atollic-eabi/lib/armv6-m\libnosys.a
END GROUP
LOAD c:/program files (x86)/atollic/truestudio for stm32 9.3.0/armtools/bin/../lib/gcc/arm-atollic-eabi/6.3.1/armv6-m/crtend.o
LOAD c:/program files (x86)/atollic/truestudio for stm32 9.3.0/armtools/bin/../lib/gcc/arm-atollic-eabi/6.3.1/armv6-m/crtn.o
                [!provide]                PROVIDE (__executable_start, SEGMENT_START ("text-segment", 0x8000))
                0x00008000                . = SEGMENT_START ("text-segment", 0x8000)

.interp
 *(.interp)

.note.gnu.build-id
 *(.note.gnu.build-id)

.hash
 *(.hash)

.gnu.hash
 *(.gnu.hash)

.dynsym
 *(.dynsym)

.dynstr
 *(.dynstr)

.gnu.version
 *(.gnu.version)

.gnu.version_d
 *(.gnu.version_d)

.gnu.version_r
 *(.gnu.version_r)

.rel.dyn        0x00008000        0x0
 *(.rel.init)
 *(.rel.text .rel.text.* .rel.gnu.linkonce.t.*)
 *(.rel.fini)
 *(.rel.rodata .rel.rodata.* .rel.gnu.linkonce.r.*)
 *(.rel.data.rel.ro .rel.data.rel.ro.* .rel.gnu.linkonce.d.rel.ro.*)
 *(.rel.data .rel.data.* .rel.gnu.linkonce.d.*)
 *(.rel.tdata .rel.tdata.* .rel.gnu.linkonce.td.*)
 *(.rel.tbss .rel.tbss.* .rel.gnu.linkonce.tb.*)
 *(.rel.ctors)
 *(.rel.dtors)
 *(.rel.got)
 *(.rel.bss .rel.bss.* .rel.gnu.linkonce.b.*)
                [!provide]                PROVIDE (__rel_iplt_start, .)
 *(.rel.iplt)
 .rel.iplt      0x00008000        0x0 c:/program files (x86)/atollic/truestudio for stm32 9.3.0/armtools/bin/../lib/gcc/arm-atollic-eabi/6.3.1/armv6-m/crtbegin.o
                [!provide]                PROVIDE (__rel_iplt_end, .)

.rela.dyn       0x00008000        0x0
 *(.rela.init)
 *(.rela.text .rela.text.* .rela.gnu.linkonce.t.*)
 *(.rela.fini)
 *(.rela.rodata .rela.rodata.* .rela.gnu.linkonce.r.*)
 *(.rela.data .rela.data.* .rela.gnu.linkonce.d.*)
 *(.rela.tdata .rela.tdata.* .rela.gnu.linkonce.td.*)
 *(.rela.tbss .rela.tbss.* .rela.gnu.linkonce.tb.*)
 *(.rela.ctors)
 *(.rela.dtors)
 *(.rela.got)
 *(.rela.bss .rela.bss.* .rela.gnu.linkonce.b.*)
                [!provide]                PROVIDE (__rela_iplt_start, .)
 *(.rela.iplt)
                [!provide]                PROVIDE (__rela_iplt_end, .)

.rel.plt
 *(.rel.plt)

.rela.plt
 *(.rela.plt)

.init           0x00008000        0xc
 *(SORT(.init))
 .init          0x00008000        0x4 c:/program files (x86)/atollic/truestudio for stm32 9.3.0/armtools/bin/../lib/gcc/arm-atollic-eabi/6.3.1/armv6-m/crti.o
                0x00008000                _init
 .init          0x00008004        0x8 c:/program files (x86)/atollic/truestudio for stm32 9.3.0/armtools/bin/../lib/gcc/arm-atollic-eabi/6.3.1/armv6-m/crtn.o

.plt
 *(.plt)

.iplt           0x0000800c        0x0
 *(.iplt)
 .iplt          0x0000800c        0x0 c:/program files (x86)/atollic/truestudio for stm32 9.3.0/armtools/bin/../lib/gcc/arm-atollic-eabi/6.3.1/armv6-m/crtbegin.o

.text           0x0000800c      0x988
 *(.text.unlikely .text.*_unlikely .text.unlikely.*)
 *(.text.exit .text.exit.*)
 *(.text.startup .text.startup.*)
 *(.text.hot .text.hot.*)
 *(.text .stub .text.* .gnu.linkonce.t.*)
 .text          0x0000800c        0x0 c:/program files (x86)/atollic/truestudio for stm32 9.3.0/armtools/bin/../lib/gcc/arm-atollic-eabi/6.3.1/armv6-m/crti.o
 .text          0x0000800c       0x48 c:/program files (x86)/atollic/truestudio for stm32 9.3.0/armtools/bin/../lib/gcc/arm-atollic-eabi/6.3.1/armv6-m/crtbegin.o
 .text          0x00008054      0x240 CMSIS\Src\system_stm32f0xx.o
                0x00008054                SystemInit
                0x000080e0                SystemCoreClockUpdate
 .text          0x00008294      0x38c Code\Scr\InitPerif.o
                0x000082c0                GPIO_Init
                0x00008300                RCC_Init
                0x00008424                TIM_Init
                0x00008458                ADC_Init
                0x00008514                PWM_Init
                0x000085dc                EXTI_Init
                0x000085e6                UART_Init
                0x000085f0                SPI_Init
                0x000085fa                CRC_Init
 .text          0x00008620      0x1d8 Code\Scr\main.o
                0x00008620                main
                0x00008636                TIM14_IRQHandler
                0x0000866c                DelayMillis
                0x000086e8                GearUP
                0x00008770                GearDOWN
 .text          0x000087f8       0x14 startup_stm32f051.o
 .text.Reset_Handler
                0x0000880c       0x6c startup_stm32f051.o
                0x0000880c                Reset_Handler
 .text.Default_Handler
                0x00008878        0x2 startup_stm32f051.o
                0x00008878                TIM1_CC_IRQHandler
                0x00008878                HardFault_Handler
                0x00008878                ADC1_COMP_IRQHandler
                0x00008878                SysTick_Handler
                0x00008878                PVD_IRQHandler
                0x00008878                PendSV_Handler
                0x00008878                NMI_Handler
                0x00008878                I2C1_IRQHandler
                0x00008878                SPI1_IRQHandler
                0x00008878                TIM6_DAC_IRQHandler
                0x00008878                EXTI2_3_IRQHandler
                0x00008878                I2C2_IRQHandler
                0x00008878                TIM17_IRQHandler
                0x00008878                RTC_IRQHandler
                0x00008878                TIM16_IRQHandler
                0x00008878                TIM3_IRQHandler
                0x00008878                EXTI4_15_IRQHandler
                0x00008878                RCC_IRQHandler
                0x00008878                DMA1_Channel1_IRQHandler
                0x00008878                Default_Handler
                0x00008878                CEC_IRQHandler
                0x00008878                DMA1_Channel4_5_IRQHandler
                0x00008878                TIM15_IRQHandler
                0x00008878                EXTI0_1_IRQHandler
                0x00008878                SPI2_IRQHandler
                0x00008878                SVC_Handler
                0x00008878                TS_IRQHandler
                0x00008878                WWDG_IRQHandler
                0x00008878                TIM2_IRQHandler
                0x00008878                DMA1_Channel2_3_IRQHandler
                0x00008878                USART2_IRQHandler
                0x00008878                FLASH_IRQHandler
                0x00008878                USART1_IRQHandler
                0x00008878                TIM1_BRK_UP_TRG_COM_IRQHandler
 *fill*         0x0000887a        0x2 
 .text          0x0000887c      0x114 c:/program files (x86)/atollic/truestudio for stm32 9.3.0/armtools/bin/../lib/gcc/arm-atollic-eabi/6.3.1/armv6-m\libgcc.a(_udivsi3.o)
                0x0000887c                __aeabi_uidiv
                0x0000887c                __udivsi3
                0x00008988                __aeabi_uidivmod
 .text          0x00008990        0x4 c:/program files (x86)/atollic/truestudio for stm32 9.3.0/armtools/bin/../lib/gcc/arm-atollic-eabi/6.3.1/armv6-m\libgcc.a(_dvmd_tls.o)
                0x00008990                __aeabi_idiv0
                0x00008990                __aeabi_ldiv0
 .text          0x00008994        0x0 c:/program files (x86)/atollic/truestudio for stm32 9.3.0/armtools/bin/../lib/gcc/arm-atollic-eabi/6.3.1/armv6-m/crtend.o
 .text          0x00008994        0x0 c:/program files (x86)/atollic/truestudio for stm32 9.3.0/armtools/bin/../lib/gcc/arm-atollic-eabi/6.3.1/armv6-m/crtn.o
 *(.gnu.warning)
 *(.glue_7t)
 .glue_7t       0x00008994        0x0 linker stubs
 *(.glue_7)
 .glue_7        0x00008994        0x0 linker stubs
 *(.vfp11_veneer)
 .vfp11_veneer  0x00008994        0x0 linker stubs
 *(.v4_bx)
 .v4_bx         0x00008994        0x0 linker stubs

.fini           0x00008994        0xc
 *(SORT(.fini))
 .fini          0x00008994        0x4 c:/program files (x86)/atollic/truestudio for stm32 9.3.0/armtools/bin/../lib/gcc/arm-atollic-eabi/6.3.1/armv6-m/crti.o
                0x00008994                _fini
 .fini          0x00008998        0x8 c:/program files (x86)/atollic/truestudio for stm32 9.3.0/armtools/bin/../lib/gcc/arm-atollic-eabi/6.3.1/armv6-m/crtn.o
                [!provide]                PROVIDE (__etext, .)
                [!provide]                PROVIDE (_etext, .)
                [!provide]                PROVIDE (etext, .)

.rodata
 *(.rodata .rodata.* .gnu.linkonce.r.*)

.isr_vector     0x000089a0       0xc4
 .isr_vector    0x000089a0       0xc4 startup_stm32f051.o
                0x000089a0                g_pfnVectors

.rodata1
 *(.rodata1)

.ARM.extab
 *(.ARM.extab* .gnu.linkonce.armextab.*)
                [!provide]                PROVIDE (__exidx_start, .)

.ARM.exidx
 *(.ARM.exidx* .gnu.linkonce.armexidx.*)
                [!provide]                PROVIDE (__exidx_end, .)

.eh_frame_hdr
 *(.eh_frame_hdr)
 *(.eh_frame_entry .eh_frame_entry.*)

.eh_frame       0x00008a64        0x4
 *(.eh_frame)
 .eh_frame      0x00008a64        0x0 c:/program files (x86)/atollic/truestudio for stm32 9.3.0/armtools/bin/../lib/gcc/arm-atollic-eabi/6.3.1/armv6-m/crtbegin.o
 .eh_frame      0x00008a64        0x4 c:/program files (x86)/atollic/truestudio for stm32 9.3.0/armtools/bin/../lib/gcc/arm-atollic-eabi/6.3.1/armv6-m/crtend.o
 *(.eh_frame.*)

.gcc_except_table
 *(.gcc_except_table .gcc_except_table.*)

.gnu_extab
 *(.gnu_extab*)

.exception_ranges
 *(.exception_ranges .exception_ranges*)
                0x00018a68                . = (ALIGN (CONSTANT (MAXPAGESIZE)) + (. & (CONSTANT (MAXPAGESIZE) - 0x1)))

.eh_frame
 *(.eh_frame)
 *(.eh_frame.*)

.gnu_extab
 *(.gnu_extab)

.gcc_except_table
 *(.gcc_except_table .gcc_except_table.*)

.exception_ranges
 *(.exception_ranges .exception_ranges*)

.tdata
 *(.tdata .tdata.* .gnu.linkonce.td.*)

.tbss
 *(.tbss .tbss.* .gnu.linkonce.tb.*)
 *(.tcommon)

.preinit_array  0x00018a68        0x0
                [!provide]                PROVIDE (__preinit_array_start, .)
 *(.preinit_array)
                [!provide]                PROVIDE (__preinit_array_end, .)

.init_array     0x00018a68        0x4
                [!provide]                PROVIDE (__init_array_start, .)
 *(SORT(.init_array.*) SORT(.ctors.*))
 *(.init_array EXCLUDE_FILE(*crtend?.o *crtend.o *crtbegin?.o *crtbegin.o) .ctors)
 .init_array    0x00018a68        0x4 c:/program files (x86)/atollic/truestudio for stm32 9.3.0/armtools/bin/../lib/gcc/arm-atollic-eabi/6.3.1/armv6-m/crtbegin.o
                [!provide]                PROVIDE (__init_array_end, .)

.fini_array     0x00018a6c        0x4
                [!provide]                PROVIDE (__fini_array_start, .)
 *(SORT(.fini_array.*) SORT(.dtors.*))
 *(.fini_array EXCLUDE_FILE(*crtend?.o *crtend.o *crtbegin?.o *crtbegin.o) .dtors)
 .fini_array    0x00018a6c        0x4 c:/program files (x86)/atollic/truestudio for stm32 9.3.0/armtools/bin/../lib/gcc/arm-atollic-eabi/6.3.1/armv6-m/crtbegin.o
                [!provide]                PROVIDE (__fini_array_end, .)

.ctors
 *crtbegin.o(.ctors)
 *crtbegin?.o(.ctors)
 *(EXCLUDE_FILE(*crtend?.o *crtend.o) .ctors)
 *(SORT(.ctors.*))
 *(.ctors)

.dtors
 *crtbegin.o(.dtors)
 *crtbegin?.o(.dtors)
 *(EXCLUDE_FILE(*crtend?.o *crtend.o) .dtors)
 *(SORT(.dtors.*))
 *(.dtors)

.jcr
 *(.jcr)

.data.rel.ro
 *(.data.rel.ro.local* .gnu.linkonce.d.rel.ro.local.*)
 *(.data.rel.ro .data.rel.ro.* .gnu.linkonce.d.rel.ro.*)

.dynamic
 *(.dynamic)

.got            0x00018a70        0x0
 *(.got.plt)
 *(.igot.plt)
 .igot.plt      0x00018a70        0x0 c:/program files (x86)/atollic/truestudio for stm32 9.3.0/armtools/bin/../lib/gcc/arm-atollic-eabi/6.3.1/armv6-m/crtbegin.o
 *(.got)
 *(.igot)

.data           0x00018a70       0x18
                0x00018a70                __data_start = .
 *(.data .data.* .gnu.linkonce.d.*)
 .data          0x00018a70        0x0 c:/program files (x86)/atollic/truestudio for stm32 9.3.0/armtools/bin/../lib/gcc/arm-atollic-eabi/6.3.1/armv6-m/crti.o
 .data          0x00018a70        0x4 c:/program files (x86)/atollic/truestudio for stm32 9.3.0/armtools/bin/../lib/gcc/arm-atollic-eabi/6.3.1/armv6-m/crtbegin.o
                0x00018a70                __dso_handle
 .data          0x00018a74       0x14 CMSIS\Src\system_stm32f0xx.o
                0x00018a74                SystemCoreClock
                0x00018a78                AHBPrescTable
 .data          0x00018a88        0x0 Code\Scr\InitPerif.o
 .data          0x00018a88        0x0 Code\Scr\main.o
 .data          0x00018a88        0x0 startup_stm32f051.o
 .data          0x00018a88        0x0 c:/program files (x86)/atollic/truestudio for stm32 9.3.0/armtools/bin/../lib/gcc/arm-atollic-eabi/6.3.1/armv6-m\libgcc.a(_udivsi3.o)
 .data          0x00018a88        0x0 c:/program files (x86)/atollic/truestudio for stm32 9.3.0/armtools/bin/../lib/gcc/arm-atollic-eabi/6.3.1/armv6-m\libgcc.a(_dvmd_tls.o)
 .data          0x00018a88        0x0 c:/program files (x86)/atollic/truestudio for stm32 9.3.0/armtools/bin/../lib/gcc/arm-atollic-eabi/6.3.1/armv6-m/crtend.o
 .data          0x00018a88        0x0 c:/program files (x86)/atollic/truestudio for stm32 9.3.0/armtools/bin/../lib/gcc/arm-atollic-eabi/6.3.1/armv6-m/crtn.o

.data1
 *(.data1)
                0x00018a88                _edata = .
                [!provide]                PROVIDE (edata, .)
                0x00018a88                . = .
                0x00018a88                __bss_start = .
                0x00018a88                __bss_start__ = .

.bss            0x00018a88       0x28
 *(.dynbss)
 *(.bss .bss.* .gnu.linkonce.b.*)
 .bss           0x00018a88        0x0 c:/program files (x86)/atollic/truestudio for stm32 9.3.0/armtools/bin/../lib/gcc/arm-atollic-eabi/6.3.1/armv6-m/crti.o
 .bss           0x00018a88       0x1c c:/program files (x86)/atollic/truestudio for stm32 9.3.0/armtools/bin/../lib/gcc/arm-atollic-eabi/6.3.1/armv6-m/crtbegin.o
 .bss           0x00018aa4        0x0 CMSIS\Src\system_stm32f0xx.o
 .bss           0x00018aa4        0x0 Code\Scr\InitPerif.o
 *fill*         0x00018aa4        0x4 
 .bss           0x00018aa8        0x8 Code\Scr\main.o
                0x00018aa8                countT
 .bss           0x00018ab0        0x0 startup_stm32f051.o
 .bss           0x00018ab0        0x0 c:/program files (x86)/atollic/truestudio for stm32 9.3.0/armtools/bin/../lib/gcc/arm-atollic-eabi/6.3.1/armv6-m\libgcc.a(_udivsi3.o)
 .bss           0x00018ab0        0x0 c:/program files (x86)/atollic/truestudio for stm32 9.3.0/armtools/bin/../lib/gcc/arm-atollic-eabi/6.3.1/armv6-m\libgcc.a(_dvmd_tls.o)
 .bss           0x00018ab0        0x0 c:/program files (x86)/atollic/truestudio for stm32 9.3.0/armtools/bin/../lib/gcc/arm-atollic-eabi/6.3.1/armv6-m/crtend.o
 .bss           0x00018ab0        0x0 c:/program files (x86)/atollic/truestudio for stm32 9.3.0/armtools/bin/../lib/gcc/arm-atollic-eabi/6.3.1/armv6-m/crtn.o
 *(COMMON)
                0x00018ab0                . = ALIGN ((. != 0x0)?0x4:0x1)
                0x00018ab0                _bss_end__ = .
                0x00018ab0                __bss_end__ = .
                0x00018ab0                . = ALIGN (0x4)
                0x00018ab0                . = SEGMENT_START ("ldata-segment", .)
                0x00018ab0                . = ALIGN (0x4)
                0x00018ab0                __end__ = .
                0x00018ab0                _end = .
                [!provide]                PROVIDE (end, .)

.stab
 *(.stab)

.stabstr
 *(.stabstr)

.stab.excl
 *(.stab.excl)

.stab.exclstr
 *(.stab.exclstr)

.stab.index
 *(.stab.index)

.stab.indexstr
 *(.stab.indexstr)

.comment        0x00000000       0x7c
 *(.comment)
 .comment       0x00000000       0x7c CMSIS\Src\system_stm32f0xx.o
                                 0x7d (size before relaxing)
 .comment       0x0000007c       0x7d Code\Scr\InitPerif.o
 .comment       0x0000007c       0x7d Code\Scr\main.o

.debug
 *(.debug)

.line
 *(.line)

.debug_srcinfo
 *(.debug_srcinfo)

.debug_sfnames
 *(.debug_sfnames)

.debug_aranges  0x00000000       0x88
 *(.debug_aranges)
 .debug_aranges
                0x00000000       0x20 CMSIS\Src\system_stm32f0xx.o
 .debug_aranges
                0x00000020       0x20 Code\Scr\InitPerif.o
 .debug_aranges
                0x00000040       0x20 Code\Scr\main.o
 .debug_aranges
                0x00000060       0x28 startup_stm32f051.o

.debug_pubnames
 *(.debug_pubnames)

.debug_info     0x00000000     0x104d
 *(.debug_info .gnu.linkonce.wi.*)
 .debug_info    0x00000000      0x308 CMSIS\Src\system_stm32f0xx.o
 .debug_info    0x00000308      0x8d5 Code\Scr\InitPerif.o
 .debug_info    0x00000bdd      0x410 Code\Scr\main.o
 .debug_info    0x00000fed       0x60 startup_stm32f051.o

.debug_abbrev   0x00000000      0x3bb
 *(.debug_abbrev)
 .debug_abbrev  0x00000000      0x156 CMSIS\Src\system_stm32f0xx.o
 .debug_abbrev  0x00000156      0x138 Code\Scr\InitPerif.o
 .debug_abbrev  0x0000028e      0x11b Code\Scr\main.o
 .debug_abbrev  0x000003a9       0x12 startup_stm32f051.o

.debug_line     0x00000000      0x613
 *(.debug_line .debug_line.* .debug_line_end)
 .debug_line    0x00000000      0x1dd CMSIS\Src\system_stm32f0xx.o
 .debug_line    0x000001dd      0x202 Code\Scr\InitPerif.o
 .debug_line    0x000003df      0x1aa Code\Scr\main.o
 .debug_line    0x00000589       0x8a startup_stm32f051.o

.debug_frame    0x00000000      0x258
 *(.debug_frame)
 .debug_frame   0x00000000       0x6c CMSIS\Src\system_stm32f0xx.o
 .debug_frame   0x0000006c      0x12c Code\Scr\InitPerif.o
 .debug_frame   0x00000198       0xa0 Code\Scr\main.o
 .debug_frame   0x00000238       0x20 c:/program files (x86)/atollic/truestudio for stm32 9.3.0/armtools/bin/../lib/gcc/arm-atollic-eabi/6.3.1/armv6-m\libgcc.a(_udivsi3.o)

.debug_str      0x00000000      0x641
 *(.debug_str)
 .debug_str     0x00000000      0x23f CMSIS\Src\system_stm32f0xx.o
                                0x292 (size before relaxing)
 .debug_str     0x0000023f      0x3a6 Code\Scr\InitPerif.o
                                0x5ab (size before relaxing)
 .debug_str     0x000005e5       0x5c Code\Scr\main.o
                                0x2e2 (size before relaxing)

.debug_loc
 *(.debug_loc)

.debug_macinfo
 *(.debug_macinfo)

.debug_weaknames
 *(.debug_weaknames)

.debug_funcnames
 *(.debug_funcnames)

.debug_typenames
 *(.debug_typenames)

.debug_varnames
 *(.debug_varnames)

.debug_pubtypes
 *(.debug_pubtypes)

.debug_ranges   0x00000000       0x20
 *(.debug_ranges)
 .debug_ranges  0x00000000       0x20 startup_stm32f051.o

.debug_macro
 *(.debug_macro)

.debug_addr
 *(.debug_addr)

.stack          0x00080000        0x0
                0x00080000                _stack = .
 *(.stack)

.ARM.attributes
                0x00000000       0x28
 *(.ARM.attributes)
 .ARM.attributes
                0x00000000       0x1e c:/program files (x86)/atollic/truestudio for stm32 9.3.0/armtools/bin/../lib/gcc/arm-atollic-eabi/6.3.1/armv6-m/crti.o
 .ARM.attributes
                0x0000001e       0x2c c:/program files (x86)/atollic/truestudio for stm32 9.3.0/armtools/bin/../lib/gcc/arm-atollic-eabi/6.3.1/armv6-m/crtbegin.o
 .ARM.attributes
                0x0000004a       0x31 CMSIS\Src\system_stm32f0xx.o
 .ARM.attributes
                0x0000007b       0x31 Code\Scr\InitPerif.o
 .ARM.attributes
                0x000000ac       0x31 Code\Scr\main.o
 .ARM.attributes
                0x000000dd       0x21 startup_stm32f051.o
 .ARM.attributes
                0x000000fe       0x1e c:/program files (x86)/atollic/truestudio for stm32 9.3.0/armtools/bin/../lib/gcc/arm-atollic-eabi/6.3.1/armv6-m\libgcc.a(_udivsi3.o)
 .ARM.attributes
                0x0000011c       0x1e c:/program files (x86)/atollic/truestudio for stm32 9.3.0/armtools/bin/../lib/gcc/arm-atollic-eabi/6.3.1/armv6-m\libgcc.a(_dvmd_tls.o)
 .ARM.attributes
                0x0000013a       0x2c c:/program files (x86)/atollic/truestudio for stm32 9.3.0/armtools/bin/../lib/gcc/arm-atollic-eabi/6.3.1/armv6-m/crtend.o
 .ARM.attributes
                0x00000166       0x1e c:/program files (x86)/atollic/truestudio for stm32 9.3.0/armtools/bin/../lib/gcc/arm-atollic-eabi/6.3.1/armv6-m/crtn.o
 *(.gnu.attributes)

.note.gnu.arm.ident
 *(.note.gnu.arm.ident)

/DISCARD/
 *(.note.GNU-stack)
 *(.gnu_debuglink)
 *(.gnu.lto_*)
OUTPUT(PnewmaticSis.elf elf32-littlearm)

Cross Reference Table

Symbol                                            File
ADC1_COMP_IRQHandler                              startup_stm32f051.o
ADC_Init                                          Code\Scr\InitPerif.o
AHBPrescTable                                     CMSIS\Src\system_stm32f0xx.o
CEC_IRQHandler                                    startup_stm32f051.o
CRC_Init                                          Code\Scr\InitPerif.o
DMA1_Channel1_IRQHandler                          startup_stm32f051.o
DMA1_Channel2_3_IRQHandler                        startup_stm32f051.o
DMA1_Channel4_5_IRQHandler                        startup_stm32f051.o
Default_Handler                                   startup_stm32f051.o
DelayMillis                                       Code\Scr\main.o
EXTI0_1_IRQHandler                                startup_stm32f051.o
EXTI2_3_IRQHandler                                startup_stm32f051.o
EXTI4_15_IRQHandler                               startup_stm32f051.o
EXTI_Init                                         Code\Scr\InitPerif.o
FLASH_IRQHandler                                  startup_stm32f051.o
GPIO_Init                                         Code\Scr\InitPerif.o
                                                  Code\Scr\main.o
GearDOWN                                          Code\Scr\main.o
GearUP                                            Code\Scr\main.o
HardFault_Handler                                 startup_stm32f051.o
I2C1_IRQHandler                                   startup_stm32f051.o
I2C2_IRQHandler                                   startup_stm32f051.o
NMI_Handler                                       startup_stm32f051.o
PVD_IRQHandler                                    startup_stm32f051.o
PWM_Init                                          Code\Scr\InitPerif.o
                                                  Code\Scr\main.o
PendSV_Handler                                    startup_stm32f051.o
RCC_IRQHandler                                    startup_stm32f051.o
RCC_Init                                          Code\Scr\InitPerif.o
                                                  Code\Scr\main.o
RTC_IRQHandler                                    startup_stm32f051.o
Reset_Handler                                     startup_stm32f051.o
SPI1_IRQHandler                                   startup_stm32f051.o
SPI2_IRQHandler                                   startup_stm32f051.o
SPI_Init                                          Code\Scr\InitPerif.o
SVC_Handler                                       startup_stm32f051.o
SysTick_Handler                                   startup_stm32f051.o
SystemCoreClock                                   CMSIS\Src\system_stm32f0xx.o
SystemCoreClockUpdate                             CMSIS\Src\system_stm32f0xx.o
SystemInit                                        CMSIS\Src\system_stm32f0xx.o
                                                  startup_stm32f051.o
TIM14_IRQHandler                                  Code\Scr\main.o
TIM15_IRQHandler                                  startup_stm32f051.o
TIM16_IRQHandler                                  startup_stm32f051.o
TIM17_IRQHandler                                  startup_stm32f051.o
TIM1_BRK_UP_TRG_COM_IRQHandler                    startup_stm32f051.o
TIM1_CC_IRQHandler                                startup_stm32f051.o
TIM2_IRQHandler                                   startup_stm32f051.o
TIM3_IRQHandler                                   startup_stm32f051.o
TIM6_DAC_IRQHandler                               startup_stm32f051.o
TIM_Init                                          Code\Scr\InitPerif.o
                                                  Code\Scr\main.o
TS_IRQHandler                                     startup_stm32f051.o
UART_Init                                         Code\Scr\InitPerif.o
USART1_IRQHandler                                 startup_stm32f051.o
USART2_IRQHandler                                 startup_stm32f051.o
WWDG_IRQHandler                                   startup_stm32f051.o
__aeabi_idiv0                                     c:/program files (x86)/atollic/truestudio for stm32 9.3.0/armtools/bin/../lib/gcc/arm-atollic-eabi/6.3.1/armv6-m\libgcc.a(_dvmd_tls.o)
                                                  c:/program files (x86)/atollic/truestudio for stm32 9.3.0/armtools/bin/../lib/gcc/arm-atollic-eabi/6.3.1/armv6-m\libgcc.a(_udivsi3.o)
__aeabi_ldiv0                                     c:/program files (x86)/atollic/truestudio for stm32 9.3.0/armtools/bin/../lib/gcc/arm-atollic-eabi/6.3.1/armv6-m\libgcc.a(_dvmd_tls.o)
__aeabi_uidiv                                     c:/program files (x86)/atollic/truestudio for stm32 9.3.0/armtools/bin/../lib/gcc/arm-atollic-eabi/6.3.1/armv6-m\libgcc.a(_udivsi3.o)
                                                  CMSIS\Src\system_stm32f0xx.o
__aeabi_uidivmod                                  c:/program files (x86)/atollic/truestudio for stm32 9.3.0/armtools/bin/../lib/gcc/arm-atollic-eabi/6.3.1/armv6-m\libgcc.a(_udivsi3.o)
__deregister_frame_info                           c:/program files (x86)/atollic/truestudio for stm32 9.3.0/armtools/bin/../lib/gcc/arm-atollic-eabi/6.3.1/armv6-m/crtbegin.o
__dso_handle                                      c:/program files (x86)/atollic/truestudio for stm32 9.3.0/armtools/bin/../lib/gcc/arm-atollic-eabi/6.3.1/armv6-m/crtbegin.o
__register_frame_info                             c:/program files (x86)/atollic/truestudio for stm32 9.3.0/armtools/bin/../lib/gcc/arm-atollic-eabi/6.3.1/armv6-m/crtbegin.o
__udivsi3                                         c:/program files (x86)/atollic/truestudio for stm32 9.3.0/armtools/bin/../lib/gcc/arm-atollic-eabi/6.3.1/armv6-m\libgcc.a(_udivsi3.o)
_ebss                                             startup_stm32f051.o
_edata                                            startup_stm32f051.o
_estack                                           startup_stm32f051.o
_fini                                             c:/program files (x86)/atollic/truestudio for stm32 9.3.0/armtools/bin/../lib/gcc/arm-atollic-eabi/6.3.1/armv6-m/crti.o
_init                                             c:/program files (x86)/atollic/truestudio for stm32 9.3.0/armtools/bin/../lib/gcc/arm-atollic-eabi/6.3.1/armv6-m/crti.o
_sbss                                             startup_stm32f051.o
_sdata                                            startup_stm32f051.o
_sidata                                           startup_stm32f051.o
countT                                            Code\Scr\main.o
g_pfnVectors                                      startup_stm32f051.o
main                                              Code\Scr\main.o
                                                  startup_stm32f051.o
