Archive member included to satisfy reference by file (symbol)

c:/program files (x86)/atollic/truestudio for stm32 9.3.0/armtools/bin/../lib/gcc/arm-atollic-eabi/6.3.1/armv6-m\libgcc.a(_udivsi3.o)
                              CMSIS\Src\system_stm32f0xx.o (__aeabi_uidiv)
c:/program files (x86)/atollic/truestudio for stm32 9.3.0/armtools/bin/../lib/gcc/arm-atollic-eabi/6.3.1/armv6-m\libgcc.a(_dvmd_tls.o)
                              c:/program files (x86)/atollic/truestudio for stm32 9.3.0/armtools/bin/../lib/gcc/arm-atollic-eabi/6.3.1/armv6-m\libgcc.a(_udivsi3.o) (__aeabi_idiv0)

Memory Configuration

Name             Origin             Length             Attributes
FLASH            0x08000000         0x00010000         xr
RAM              0x20000000         0x00002000         xrw
MEMORY_B1        0x60000000         0x00000000         xr
*default*        0x00000000         0xffffffff

Linker script and memory map

LOAD c:/program files (x86)/atollic/truestudio for stm32 9.3.0/armtools/bin/../lib/gcc/arm-atollic-eabi/6.3.1/armv6-m/crti.o
LOAD c:/program files (x86)/atollic/truestudio for stm32 9.3.0/armtools/bin/../lib/gcc/arm-atollic-eabi/6.3.1/armv6-m/crtbegin.o
LOAD CMSIS\Src\system_stm32f0xx.o
LOAD Code\Scr\InitPerif.o
LOAD Code\Scr\main.o
LOAD startup_stm32f051.o
                0x00000080                malloc_getpagesize_P = 0x80
START GROUP
LOAD c:/program files (x86)/atollic/truestudio for stm32 9.3.0/armtools/bin/../lib/gcc/arm-atollic-eabi/6.3.1/../../../../arm-atollic-eabi/lib/armv6-m\libc_nano.a
LOAD c:/program files (x86)/atollic/truestudio for stm32 9.3.0/armtools/bin/../lib/gcc/arm-atollic-eabi/6.3.1/../../../../arm-atollic-eabi/lib/armv6-m\libm.a
END GROUP
START GROUP
LOAD c:/program files (x86)/atollic/truestudio for stm32 9.3.0/armtools/bin/../lib/gcc/arm-atollic-eabi/6.3.1/armv6-m\libgcc.a
LOAD c:/program files (x86)/atollic/truestudio for stm32 9.3.0/armtools/bin/../lib/gcc/arm-atollic-eabi/6.3.1/../../../../arm-atollic-eabi/lib/armv6-m\libc_nano.a
END GROUP
START GROUP
LOAD c:/program files (x86)/atollic/truestudio for stm32 9.3.0/armtools/bin/../lib/gcc/arm-atollic-eabi/6.3.1/armv6-m\libgcc.a
LOAD c:/program files (x86)/atollic/truestudio for stm32 9.3.0/armtools/bin/../lib/gcc/arm-atollic-eabi/6.3.1/../../../../arm-atollic-eabi/lib/armv6-m\libc_nano.a
LOAD c:/program files (x86)/atollic/truestudio for stm32 9.3.0/armtools/bin/../lib/gcc/arm-atollic-eabi/6.3.1/../../../../arm-atollic-eabi/lib/armv6-m\libnosys.a
END GROUP
START GROUP
LOAD c:/program files (x86)/atollic/truestudio for stm32 9.3.0/armtools/bin/../lib/gcc/arm-atollic-eabi/6.3.1/armv6-m\libgcc.a
LOAD c:/program files (x86)/atollic/truestudio for stm32 9.3.0/armtools/bin/../lib/gcc/arm-atollic-eabi/6.3.1/../../../../arm-atollic-eabi/lib/armv6-m\libc_nano.a
LOAD c:/program files (x86)/atollic/truestudio for stm32 9.3.0/armtools/bin/../lib/gcc/arm-atollic-eabi/6.3.1/../../../../arm-atollic-eabi/lib/armv6-m\libnosys.a
END GROUP
LOAD c:/program files (x86)/atollic/truestudio for stm32 9.3.0/armtools/bin/../lib/gcc/arm-atollic-eabi/6.3.1/armv6-m/crtend.o
LOAD c:/program files (x86)/atollic/truestudio for stm32 9.3.0/armtools/bin/../lib/gcc/arm-atollic-eabi/6.3.1/armv6-m/crtn.o
                0x20002000                _estack = 0x20002000
                0x00000000                _Min_Heap_Size = 0x0
                0x00000080                _Min_Stack_Size = 0x80

.isr_vector     0x08000000       0xc4
                0x08000000                . = ALIGN (0x4)
 *(.isr_vector)
 .isr_vector    0x08000000       0xc4 startup_stm32f051.o
                0x08000000                g_pfnVectors
                0x080000c4                . = ALIGN (0x4)

.text           0x080000c4      0x904
                0x080000c4                . = ALIGN (0x4)
 *(.text)
 .text          0x080000c4        0x0 c:/program files (x86)/atollic/truestudio for stm32 9.3.0/armtools/bin/../lib/gcc/arm-atollic-eabi/6.3.1/armv6-m/crti.o
 .text          0x080000c4       0x48 c:/program files (x86)/atollic/truestudio for stm32 9.3.0/armtools/bin/../lib/gcc/arm-atollic-eabi/6.3.1/armv6-m/crtbegin.o
 .text          0x0800010c      0x240 CMSIS\Src\system_stm32f0xx.o
                0x0800010c                SystemInit
                0x08000198                SystemCoreClockUpdate
 .text          0x0800034c      0x38c Code\Scr\InitPerif.o
                0x08000378                GPIO_Init
                0x080003b8                RCC_Init
                0x080004dc                TIM_Init
                0x08000510                ADC_Init
                0x080005cc                PWM_Init
                0x08000694                EXTI_Init
                0x0800069e                UART_Init
                0x080006a8                SPI_Init
                0x080006b2                CRC_Init
 .text          0x080006d8      0x138 Code\Scr\main.o
                0x080006d8                main
                0x0800075c                TIM14_IRQHandler
                0x08000794                DelayMillis
 .text          0x08000810       0x14 startup_stm32f051.o
 .text          0x08000824      0x114 c:/program files (x86)/atollic/truestudio for stm32 9.3.0/armtools/bin/../lib/gcc/arm-atollic-eabi/6.3.1/armv6-m\libgcc.a(_udivsi3.o)
                0x08000824                __aeabi_uidiv
                0x08000824                __udivsi3
                0x08000930                __aeabi_uidivmod
 .text          0x08000938        0x4 c:/program files (x86)/atollic/truestudio for stm32 9.3.0/armtools/bin/../lib/gcc/arm-atollic-eabi/6.3.1/armv6-m\libgcc.a(_dvmd_tls.o)
                0x08000938                __aeabi_idiv0
                0x08000938                __aeabi_ldiv0
 .text          0x0800093c        0x0 c:/program files (x86)/atollic/truestudio for stm32 9.3.0/armtools/bin/../lib/gcc/arm-atollic-eabi/6.3.1/armv6-m/crtend.o
 .text          0x0800093c        0x0 c:/program files (x86)/atollic/truestudio for stm32 9.3.0/armtools/bin/../lib/gcc/arm-atollic-eabi/6.3.1/armv6-m/crtn.o
 *(.text*)
 .text.Reset_Handler
                0x0800093c       0x6c startup_stm32f051.o
                0x0800093c                Reset_Handler
 .text.Default_Handler
                0x080009a8        0x2 startup_stm32f051.o
                0x080009a8                TIM1_CC_IRQHandler
                0x080009a8                HardFault_Handler
                0x080009a8                ADC1_COMP_IRQHandler
                0x080009a8                SysTick_Handler
                0x080009a8                PVD_IRQHandler
                0x080009a8                PendSV_Handler
                0x080009a8                NMI_Handler
                0x080009a8                I2C1_IRQHandler
                0x080009a8                SPI1_IRQHandler
                0x080009a8                TIM6_DAC_IRQHandler
                0x080009a8                EXTI2_3_IRQHandler
                0x080009a8                I2C2_IRQHandler
                0x080009a8                TIM17_IRQHandler
                0x080009a8                RTC_IRQHandler
                0x080009a8                TIM16_IRQHandler
                0x080009a8                TIM3_IRQHandler
                0x080009a8                EXTI4_15_IRQHandler
                0x080009a8                RCC_IRQHandler
                0x080009a8                DMA1_Channel1_IRQHandler
                0x080009a8                Default_Handler
                0x080009a8                CEC_IRQHandler
                0x080009a8                DMA1_Channel4_5_IRQHandler
                0x080009a8                TIM15_IRQHandler
                0x080009a8                EXTI0_1_IRQHandler
                0x080009a8                SPI2_IRQHandler
                0x080009a8                SVC_Handler
                0x080009a8                TS_IRQHandler
                0x080009a8                WWDG_IRQHandler
                0x080009a8                TIM2_IRQHandler
                0x080009a8                DMA1_Channel2_3_IRQHandler
                0x080009a8                USART2_IRQHandler
                0x080009a8                FLASH_IRQHandler
                0x080009a8                USART1_IRQHandler
                0x080009a8                TIM1_BRK_UP_TRG_COM_IRQHandler
 *(.glue_7)
 .glue_7        0x080009aa        0x0 linker stubs
 *(.glue_7t)
 .glue_7t       0x080009aa        0x0 linker stubs
 *(.eh_frame)
 *fill*         0x080009aa        0x2 
 .eh_frame      0x080009ac        0x0 c:/program files (x86)/atollic/truestudio for stm32 9.3.0/armtools/bin/../lib/gcc/arm-atollic-eabi/6.3.1/armv6-m/crtbegin.o
 .eh_frame      0x080009ac        0x4 c:/program files (x86)/atollic/truestudio for stm32 9.3.0/armtools/bin/../lib/gcc/arm-atollic-eabi/6.3.1/armv6-m/crtend.o
 *(.init)
 .init          0x080009b0        0x4 c:/program files (x86)/atollic/truestudio for stm32 9.3.0/armtools/bin/../lib/gcc/arm-atollic-eabi/6.3.1/armv6-m/crti.o
                0x080009b0                _init
 .init          0x080009b4        0x8 c:/program files (x86)/atollic/truestudio for stm32 9.3.0/armtools/bin/../lib/gcc/arm-atollic-eabi/6.3.1/armv6-m/crtn.o
 *(.fini)
 .fini          0x080009bc        0x4 c:/program files (x86)/atollic/truestudio for stm32 9.3.0/armtools/bin/../lib/gcc/arm-atollic-eabi/6.3.1/armv6-m/crti.o
                0x080009bc                _fini
 .fini          0x080009c0        0x8 c:/program files (x86)/atollic/truestudio for stm32 9.3.0/armtools/bin/../lib/gcc/arm-atollic-eabi/6.3.1/armv6-m/crtn.o
                0x080009c8                . = ALIGN (0x4)
                0x080009c8                _etext = .

.vfp11_veneer   0x080009c8        0x0
 .vfp11_veneer  0x080009c8        0x0 linker stubs

.v4_bx          0x080009c8        0x0
 .v4_bx         0x080009c8        0x0 linker stubs

.iplt           0x080009c8        0x0
 .iplt          0x080009c8        0x0 c:/program files (x86)/atollic/truestudio for stm32 9.3.0/armtools/bin/../lib/gcc/arm-atollic-eabi/6.3.1/armv6-m/crtbegin.o

.rel.dyn        0x080009c8        0x0
 .rel.iplt      0x080009c8        0x0 c:/program files (x86)/atollic/truestudio for stm32 9.3.0/armtools/bin/../lib/gcc/arm-atollic-eabi/6.3.1/armv6-m/crtbegin.o

.rodata         0x080009c8        0x0
                0x080009c8                . = ALIGN (0x4)
 *(.rodata)
 *(.rodata*)
                0x080009c8                . = ALIGN (0x4)

.ARM.extab
 *(.ARM.extab* .gnu.linkonce.armextab.*)

.ARM            0x080009c8        0x0
                0x080009c8                __exidx_start = .
 *(.ARM.exidx*)
                0x080009c8                __exidx_end = .

.preinit_array  0x080009c8        0x0
                [!provide]                PROVIDE (__preinit_array_start, .)
 *(.preinit_array*)
                [!provide]                PROVIDE (__preinit_array_end, .)

.init_array     0x080009c8        0x4
                [!provide]                PROVIDE (__init_array_start, .)
 *(SORT(.init_array.*))
 *(.init_array*)
 .init_array    0x080009c8        0x4 c:/program files (x86)/atollic/truestudio for stm32 9.3.0/armtools/bin/../lib/gcc/arm-atollic-eabi/6.3.1/armv6-m/crtbegin.o
                [!provide]                PROVIDE (__init_array_end, .)

.fini_array     0x080009cc        0x4
                [!provide]                PROVIDE (__fini_array_start, .)
 *(SORT(.fini_array.*))
 *(.fini_array*)
 .fini_array    0x080009cc        0x4 c:/program files (x86)/atollic/truestudio for stm32 9.3.0/armtools/bin/../lib/gcc/arm-atollic-eabi/6.3.1/armv6-m/crtbegin.o
                [!provide]                PROVIDE (__fini_array_end, .)
                0x080009d0                _sidata = LOADADDR (.data)

.data           0x20000000       0x18 load address 0x080009d0
                0x20000000                . = ALIGN (0x4)
                0x20000000                _sdata = .
 *(.data)
 .data          0x20000000        0x0 c:/program files (x86)/atollic/truestudio for stm32 9.3.0/armtools/bin/../lib/gcc/arm-atollic-eabi/6.3.1/armv6-m/crti.o
 .data          0x20000000        0x4 c:/program files (x86)/atollic/truestudio for stm32 9.3.0/armtools/bin/../lib/gcc/arm-atollic-eabi/6.3.1/armv6-m/crtbegin.o
                0x20000000                __dso_handle
 .data          0x20000004       0x14 CMSIS\Src\system_stm32f0xx.o
                0x20000004                SystemCoreClock
                0x20000008                AHBPrescTable
 .data          0x20000018        0x0 Code\Scr\InitPerif.o
 .data          0x20000018        0x0 Code\Scr\main.o
 .data          0x20000018        0x0 startup_stm32f051.o
 .data          0x20000018        0x0 c:/program files (x86)/atollic/truestudio for stm32 9.3.0/armtools/bin/../lib/gcc/arm-atollic-eabi/6.3.1/armv6-m\libgcc.a(_udivsi3.o)
 .data          0x20000018        0x0 c:/program files (x86)/atollic/truestudio for stm32 9.3.0/armtools/bin/../lib/gcc/arm-atollic-eabi/6.3.1/armv6-m\libgcc.a(_dvmd_tls.o)
 .data          0x20000018        0x0 c:/program files (x86)/atollic/truestudio for stm32 9.3.0/armtools/bin/../lib/gcc/arm-atollic-eabi/6.3.1/armv6-m/crtend.o
 .data          0x20000018        0x0 c:/program files (x86)/atollic/truestudio for stm32 9.3.0/armtools/bin/../lib/gcc/arm-atollic-eabi/6.3.1/armv6-m/crtn.o
 *(.data*)
                0x20000018                . = ALIGN (0x4)
                0x20000018                _edata = .

.igot.plt       0x20000018        0x0 load address 0x080009e8
 .igot.plt      0x20000018        0x0 c:/program files (x86)/atollic/truestudio for stm32 9.3.0/armtools/bin/../lib/gcc/arm-atollic-eabi/6.3.1/armv6-m/crtbegin.o
                0x20000018                . = ALIGN (0x4)

.bss            0x20000018       0x28 load address 0x080009e8
                0x20000018                _sbss = .
                0x20000018                __bss_start__ = _sbss
 *(.bss)
 .bss           0x20000018        0x0 c:/program files (x86)/atollic/truestudio for stm32 9.3.0/armtools/bin/../lib/gcc/arm-atollic-eabi/6.3.1/armv6-m/crti.o
 .bss           0x20000018       0x1c c:/program files (x86)/atollic/truestudio for stm32 9.3.0/armtools/bin/../lib/gcc/arm-atollic-eabi/6.3.1/armv6-m/crtbegin.o
 .bss           0x20000034        0x0 CMSIS\Src\system_stm32f0xx.o
 .bss           0x20000034        0x0 Code\Scr\InitPerif.o
 *fill*         0x20000034        0x4 
 .bss           0x20000038        0x8 Code\Scr\main.o
                0x20000038                countT
 .bss           0x20000040        0x0 startup_stm32f051.o
 .bss           0x20000040        0x0 c:/program files (x86)/atollic/truestudio for stm32 9.3.0/armtools/bin/../lib/gcc/arm-atollic-eabi/6.3.1/armv6-m\libgcc.a(_udivsi3.o)
 .bss           0x20000040        0x0 c:/program files (x86)/atollic/truestudio for stm32 9.3.0/armtools/bin/../lib/gcc/arm-atollic-eabi/6.3.1/armv6-m\libgcc.a(_dvmd_tls.o)
 .bss           0x20000040        0x0 c:/program files (x86)/atollic/truestudio for stm32 9.3.0/armtools/bin/../lib/gcc/arm-atollic-eabi/6.3.1/armv6-m/crtend.o
 .bss           0x20000040        0x0 c:/program files (x86)/atollic/truestudio for stm32 9.3.0/armtools/bin/../lib/gcc/arm-atollic-eabi/6.3.1/armv6-m/crtn.o
 *(.bss*)
 *(COMMON)
                0x20000040                . = ALIGN (0x4)
                0x20000040                _ebss = .
                0x20000040                __bss_end__ = _ebss

._user_heap_stack
                0x20000040       0x80 load address 0x080009e8
                0x20000040                . = ALIGN (0x4)
                [!provide]                PROVIDE (end, .)
                [!provide]                PROVIDE (_end, .)
                0x20000040                . = (. + _Min_Heap_Size)
                0x200000c0                . = (. + _Min_Stack_Size)
 *fill*         0x20000040       0x80 
                0x200000c0                . = ALIGN (0x4)

.memory_b1_text
 *(.mb1text)
 *(.mb1text*)
 *(.mb1rodata)
 *(.mb1rodata*)

/DISCARD/
 libc.a(*)
 libm.a(*)
 libgcc.a(*)

.ARM.attributes
                0x00000000       0x28
 *(.ARM.attributes)
 .ARM.attributes
                0x00000000       0x1e c:/program files (x86)/atollic/truestudio for stm32 9.3.0/armtools/bin/../lib/gcc/arm-atollic-eabi/6.3.1/armv6-m/crti.o
 .ARM.attributes
                0x0000001e       0x2c c:/program files (x86)/atollic/truestudio for stm32 9.3.0/armtools/bin/../lib/gcc/arm-atollic-eabi/6.3.1/armv6-m/crtbegin.o
 .ARM.attributes
                0x0000004a       0x31 CMSIS\Src\system_stm32f0xx.o
 .ARM.attributes
                0x0000007b       0x31 Code\Scr\InitPerif.o
 .ARM.attributes
                0x000000ac       0x31 Code\Scr\main.o
 .ARM.attributes
                0x000000dd       0x21 startup_stm32f051.o
 .ARM.attributes
                0x000000fe       0x1e c:/program files (x86)/atollic/truestudio for stm32 9.3.0/armtools/bin/../lib/gcc/arm-atollic-eabi/6.3.1/armv6-m\libgcc.a(_udivsi3.o)
 .ARM.attributes
                0x0000011c       0x1e c:/program files (x86)/atollic/truestudio for stm32 9.3.0/armtools/bin/../lib/gcc/arm-atollic-eabi/6.3.1/armv6-m\libgcc.a(_dvmd_tls.o)
 .ARM.attributes
                0x0000013a       0x2c c:/program files (x86)/atollic/truestudio for stm32 9.3.0/armtools/bin/../lib/gcc/arm-atollic-eabi/6.3.1/armv6-m/crtend.o
 .ARM.attributes
                0x00000166       0x1e c:/program files (x86)/atollic/truestudio for stm32 9.3.0/armtools/bin/../lib/gcc/arm-atollic-eabi/6.3.1/armv6-m/crtn.o
OUTPUT(PnewmaticSis.elf elf32-littlearm)

.debug_info     0x00000000     0x105f
 .debug_info    0x00000000      0x308 CMSIS\Src\system_stm32f0xx.o
 .debug_info    0x00000308      0x8d5 Code\Scr\InitPerif.o
 .debug_info    0x00000bdd      0x422 Code\Scr\main.o
 .debug_info    0x00000fff       0x60 startup_stm32f051.o

.debug_abbrev   0x00000000      0x403
 .debug_abbrev  0x00000000      0x156 CMSIS\Src\system_stm32f0xx.o
 .debug_abbrev  0x00000156      0x138 Code\Scr\InitPerif.o
 .debug_abbrev  0x0000028e      0x163 Code\Scr\main.o
 .debug_abbrev  0x000003f1       0x12 startup_stm32f051.o

.debug_aranges  0x00000000       0x88
 .debug_aranges
                0x00000000       0x20 CMSIS\Src\system_stm32f0xx.o
 .debug_aranges
                0x00000020       0x20 Code\Scr\InitPerif.o
 .debug_aranges
                0x00000040       0x20 Code\Scr\main.o
 .debug_aranges
                0x00000060       0x28 startup_stm32f051.o

.debug_line     0x00000000      0x65c
 .debug_line    0x00000000      0x1dd CMSIS\Src\system_stm32f0xx.o
 .debug_line    0x000001dd      0x202 Code\Scr\InitPerif.o
 .debug_line    0x000003df      0x1f3 Code\Scr\main.o
 .debug_line    0x000005d2       0x8a startup_stm32f051.o

.debug_str      0x00000000      0x63d
 .debug_str     0x00000000      0x23f CMSIS\Src\system_stm32f0xx.o
                                0x292 (size before relaxing)
 .debug_str     0x0000023f      0x3a6 Code\Scr\InitPerif.o
                                0x5ab (size before relaxing)
 .debug_str     0x000005e5       0x58 Code\Scr\main.o
                                0x2d8 (size before relaxing)

.comment        0x00000000       0x7c
 .comment       0x00000000       0x7c CMSIS\Src\system_stm32f0xx.o
                                 0x7d (size before relaxing)
 .comment       0x0000007c       0x7d Code\Scr\InitPerif.o
 .comment       0x0000007c       0x7d Code\Scr\main.o

.debug_frame    0x00000000      0x224
 .debug_frame   0x00000000       0x6c CMSIS\Src\system_stm32f0xx.o
 .debug_frame   0x0000006c      0x12c Code\Scr\InitPerif.o
 .debug_frame   0x00000198       0x6c Code\Scr\main.o
 .debug_frame   0x00000204       0x20 c:/program files (x86)/atollic/truestudio for stm32 9.3.0/armtools/bin/../lib/gcc/arm-atollic-eabi/6.3.1/armv6-m\libgcc.a(_udivsi3.o)

.debug_ranges   0x00000000       0x20
 .debug_ranges  0x00000000       0x20 startup_stm32f051.o

Cross Reference Table

Symbol                                            File
ADC1_COMP_IRQHandler                              startup_stm32f051.o
ADC_Init                                          Code\Scr\InitPerif.o
AHBPrescTable                                     CMSIS\Src\system_stm32f0xx.o
CEC_IRQHandler                                    startup_stm32f051.o
CRC_Init                                          Code\Scr\InitPerif.o
                                                  Code\Scr\main.o
DMA1_Channel1_IRQHandler                          startup_stm32f051.o
DMA1_Channel2_3_IRQHandler                        startup_stm32f051.o
DMA1_Channel4_5_IRQHandler                        startup_stm32f051.o
Default_Handler                                   startup_stm32f051.o
DelayMillis                                       Code\Scr\main.o
EXTI0_1_IRQHandler                                startup_stm32f051.o
EXTI2_3_IRQHandler                                startup_stm32f051.o
EXTI4_15_IRQHandler                               startup_stm32f051.o
EXTI_Init                                         Code\Scr\InitPerif.o
FLASH_IRQHandler                                  startup_stm32f051.o
GPIO_Init                                         Code\Scr\InitPerif.o
                                                  Code\Scr\main.o
HardFault_Handler                                 startup_stm32f051.o
I2C1_IRQHandler                                   startup_stm32f051.o
I2C2_IRQHandler                                   startup_stm32f051.o
NMI_Handler                                       startup_stm32f051.o
PVD_IRQHandler                                    startup_stm32f051.o
PWM_Init                                          Code\Scr\InitPerif.o
                                                  Code\Scr\main.o
PendSV_Handler                                    startup_stm32f051.o
RCC_IRQHandler                                    startup_stm32f051.o
RCC_Init                                          Code\Scr\InitPerif.o
                                                  Code\Scr\main.o
RTC_IRQHandler                                    startup_stm32f051.o
Reset_Handler                                     startup_stm32f051.o
SPI1_IRQHandler                                   startup_stm32f051.o
SPI2_IRQHandler                                   startup_stm32f051.o
SPI_Init                                          Code\Scr\InitPerif.o
SVC_Handler                                       startup_stm32f051.o
SysTick_Handler                                   startup_stm32f051.o
SystemCoreClock                                   CMSIS\Src\system_stm32f0xx.o
SystemCoreClockUpdate                             CMSIS\Src\system_stm32f0xx.o
SystemInit                                        CMSIS\Src\system_stm32f0xx.o
                                                  startup_stm32f051.o
TIM14_IRQHandler                                  Code\Scr\main.o
TIM15_IRQHandler                                  startup_stm32f051.o
TIM16_IRQHandler                                  startup_stm32f051.o
TIM17_IRQHandler                                  startup_stm32f051.o
TIM1_BRK_UP_TRG_COM_IRQHandler                    startup_stm32f051.o
TIM1_CC_IRQHandler                                startup_stm32f051.o
TIM2_IRQHandler                                   startup_stm32f051.o
TIM3_IRQHandler                                   startup_stm32f051.o
TIM6_DAC_IRQHandler                               startup_stm32f051.o
TIM_Init                                          Code\Scr\InitPerif.o
                                                  Code\Scr\main.o
TS_IRQHandler                                     startup_stm32f051.o
UART_Init                                         Code\Scr\InitPerif.o
USART1_IRQHandler                                 startup_stm32f051.o
USART2_IRQHandler                                 startup_stm32f051.o
WWDG_IRQHandler                                   startup_stm32f051.o
__aeabi_idiv0                                     c:/program files (x86)/atollic/truestudio for stm32 9.3.0/armtools/bin/../lib/gcc/arm-atollic-eabi/6.3.1/armv6-m\libgcc.a(_dvmd_tls.o)
                                                  c:/program files (x86)/atollic/truestudio for stm32 9.3.0/armtools/bin/../lib/gcc/arm-atollic-eabi/6.3.1/armv6-m\libgcc.a(_udivsi3.o)
__aeabi_ldiv0                                     c:/program files (x86)/atollic/truestudio for stm32 9.3.0/armtools/bin/../lib/gcc/arm-atollic-eabi/6.3.1/armv6-m\libgcc.a(_dvmd_tls.o)
__aeabi_uidiv                                     c:/program files (x86)/atollic/truestudio for stm32 9.3.0/armtools/bin/../lib/gcc/arm-atollic-eabi/6.3.1/armv6-m\libgcc.a(_udivsi3.o)
                                                  CMSIS\Src\system_stm32f0xx.o
__aeabi_uidivmod                                  c:/program files (x86)/atollic/truestudio for stm32 9.3.0/armtools/bin/../lib/gcc/arm-atollic-eabi/6.3.1/armv6-m\libgcc.a(_udivsi3.o)
__deregister_frame_info                           c:/program files (x86)/atollic/truestudio for stm32 9.3.0/armtools/bin/../lib/gcc/arm-atollic-eabi/6.3.1/armv6-m/crtbegin.o
__dso_handle                                      c:/program files (x86)/atollic/truestudio for stm32 9.3.0/armtools/bin/../lib/gcc/arm-atollic-eabi/6.3.1/armv6-m/crtbegin.o
__register_frame_info                             c:/program files (x86)/atollic/truestudio for stm32 9.3.0/armtools/bin/../lib/gcc/arm-atollic-eabi/6.3.1/armv6-m/crtbegin.o
__udivsi3                                         c:/program files (x86)/atollic/truestudio for stm32 9.3.0/armtools/bin/../lib/gcc/arm-atollic-eabi/6.3.1/armv6-m\libgcc.a(_udivsi3.o)
_ebss                                             startup_stm32f051.o
_edata                                            startup_stm32f051.o
_estack                                           startup_stm32f051.o
_fini                                             c:/program files (x86)/atollic/truestudio for stm32 9.3.0/armtools/bin/../lib/gcc/arm-atollic-eabi/6.3.1/armv6-m/crti.o
_init                                             c:/program files (x86)/atollic/truestudio for stm32 9.3.0/armtools/bin/../lib/gcc/arm-atollic-eabi/6.3.1/armv6-m/crti.o
_sbss                                             startup_stm32f051.o
_sdata                                            startup_stm32f051.o
_sidata                                           startup_stm32f051.o
countT                                            Code\Scr\main.o
g_pfnVectors                                      startup_stm32f051.o
main                                              Code\Scr\main.o
                                                  startup_stm32f051.o
